[16:51:14] [INFO] [API] Listening on port 8080
[16:52:47] [INFO] [API] Listening on port 8080
[16:53:03] [INFO] [API] Listening on port 8080
[16:53:12] [INFO] [API] Listening on port 8080
[16:53:21] [INFO] [API] Listening on port 8080
[16:56:17] [INFO] [API] Listening on port 8080
[16:56:35] [INFO] [API] Listening on port 8080
[17:03:58] [INFO] [API] Listening on port 8080
[17:05:26] [INFO] Player Ras_rap (ID 1) connected from 127.0.0.1:59552
[17:10:05] [INFO] [API] Listening on port 8080
[17:11:50] [INFO] [API] Listening on port 8080
[17:13:53] [INFO] Player Ras_rap (ID 1) connected from 127.0.0.1:54286
[17:15:59] [INFO] Player Ras_rap (ID 1) disconnected
[17:16:34] [INFO] Player Ras_rap (ID 2) connected from 127.0.0.1:55365
[17:18:29] [INFO] Vote passed: map changed to -839216305
[18:17:22] [INFO] [API] Listening on port 8080
[18:22:28] [INFO] [API] Listening on port 8080
[18:29:55] [INFO] [API] Listening on port 8080
[18:31:53] [INFO] [API] Listening on port 8080
[18:33:35] [INFO] Player Ras_rap (ID 1) connected from 127.0.0.1:58367
[18:39:29] [INFO] Player Ras_rap (ID 1) disconnected
[18:39:29] [INFO] Player Ras_rap stats - playtime: 354s
[18:40:13] [INFO] [API] Listening on port 8080
[18:41:02] [INFO] Player Ras_rap (ID 1) connected from 127.0.0.1:64732
[18:42:58] [INFO] [API] Kicked Ras_rap
[18:42:58] [INFO] Player Ras_rap (ID 1) disconnected
[18:42:58] [INFO] Player Ras_rap stats - playtime: 115s
[18:44:16] [INFO] Player Ras_rap (ID 2) connected from 127.0.0.1:52502
[18:44:24] [INFO] [API] Say: EA
[18:44:38] [INFO] [API] Say: !setmap supersonic
[19:00:28] [INFO] [API] Listening on port 8080
[19:04:49] [INFO] [API] Listening on port 8080
[19:07:12] [INFO] [API] Listening on port 8080
[19:09:27] [INFO] [API] Listening on port 8080
[19:09:45] [INFO] [API] Listening on port 8080
[19:10:51] [INFO] [API] Listening on port 8080
[19:12:10] [INFO] [API] Listening on port 8080
[19:12:58] [INFO] [API] Listening on port 8080
[19:17:20] [INFO] [API] Listening on port 8080
[19:17:59] [INFO] [API] Listening on port 8080
[19:19:46] [INFO] [API] Listening on port 8080
[19:20:58] [INFO] [API] Listening on port 8080
[19:22:36] [INFO] [API] Listening on port 8080
[19:24:09] [INFO] [API] Listening on port 8080
[19:26:05] [INFO] [API] Listening on port 8080
[19:27:36] [INFO] [API] Listening on port 8080
[19:30:36] [INFO] [API] Listening on port 8080
[19:35:48] [INFO] [API] Listening on port 8080
[19:39:52] [INFO] [API] Listening on port 8080
[19:40:18] [INFO] [API] Listening on port 8080
[19:42:36] [INFO] [API] Listening on port 8080
[19:44:20] [INFO] [API] Listening on port 8080
[19:47:10] [INFO] [API] Listening on port 8080
[19:50:53] [INFO] Player Ras_rap (ID 1) connected from 99.64.186.24:51450
[19:52:46] [INFO] [API] Listening on port 8283
[19:54:20] [INFO] [API] Listening on port 8283
[20:01:27] [INFO] Player Ras_rap (ID 1) connected from 99.64.186.24:57470
[20:06:39] [INFO] Player Ens_theOne (ID 2) connected from 212.154.52.47:57922
